2019-07-22 20:15:19,062 : DEBUG : Start of the program
2019-07-22 20:15:19,063 : INFO : Doing something
2019-07-22 20:15:19,063 : WARNING : Dying now
   2019-07-22 20:39:25,847 : ERROR : Attempt 1/5 failed : (('Some bad value',), {})
Traceback (most recent call last):
  File "<ipython-input-50-404f43db7ccb>", line 18, in wrapped_f
    return f(*args, **kwargs)
  File "<ipython-input-50-404f43db7ccb>", line 43, in save_to_database
    raise ValueError(arg)
ValueError: Some bad value
